Archive member included because of file (symbol)

c:/program files/dave_4/dave-ide-4.4.2-64bit/eclipse/arm-gcc-49/bin/../lib/gcc/arm-none-eabi/4.9.3/../../../../arm-none-eabi/lib/armv7e-m/softfp\libg_nano.a(lib_a-errno.o)
                              ./Libraries/Newlib/syscalls.o (__errno)
c:/program files/dave_4/dave-ide-4.4.2-64bit/eclipse/arm-gcc-49/bin/../lib/gcc/arm-none-eabi/4.9.3/../../../../arm-none-eabi/lib/armv7e-m/softfp\libg_nano.a(lib_a-impure.o)
                              c:/program files/dave_4/dave-ide-4.4.2-64bit/eclipse/arm-gcc-49/bin/../lib/gcc/arm-none-eabi/4.9.3/../../../../arm-none-eabi/lib/armv7e-m/softfp\libg_nano.a(lib_a-errno.o) (_impure_ptr)
c:/program files/dave_4/dave-ide-4.4.2-64bit/eclipse/arm-gcc-49/bin/../lib/gcc/arm-none-eabi/4.9.3/../../../../arm-none-eabi/lib/armv7e-m/softfp\libg_nano.a(lib_a-init.o)
                              ./Startup/startup_XMC4500.o (__libc_init_array)
c:/program files/dave_4/dave-ide-4.4.2-64bit/eclipse/arm-gcc-49/bin/../lib/gcc/arm-none-eabi/4.9.3/../../../../arm-none-eabi/lib/armv7e-m/softfp\libg_nano.a(lib_a-memcpy.o)
                              ./Libraries/XMCLib/src/xmc_eth_mac.o (memcpy)
c:/program files/dave_4/dave-ide-4.4.2-64bit/eclipse/arm-gcc-49/bin/../lib/gcc/arm-none-eabi/4.9.3/../../../../arm-none-eabi/lib/armv7e-m/softfp\libg_nano.a(lib_a-memset.o)
                              ./Libraries/XMCLib/src/xmc_usbd.o (memset)

Allocating common symbols
Common symbol       size              file

dma0_event_handlers
                    0x20              ./Libraries/XMCLib/src/xmc_dma.o
pipe                0x1c0             ./Libraries/XMCLib/src/xmc_usbh.o
dma1_event_handlers
                    0x10              ./Libraries/XMCLib/src/xmc_dma.o
event_handler_list  0x80              ./Libraries/XMCLib/src/xmc4_scu.o
is_nack             0xe               ./Libraries/XMCLib/src/xmc_usbh.o
usbd_init           0x4               ./Libraries/XMCLib/src/xmc_usbd.o
xmc_device          0x208             ./Libraries/XMCLib/src/xmc_usbd.o

Discarded input sections

 .text          0x00000000        0x0 ./Startup/startup_XMC4500.o
 .data          0x00000000        0x0 ./Startup/startup_XMC4500.o
 .bss           0x00000000        0x0 ./Startup/startup_XMC4500.o
 .text          0x00000000        0x0 ./Startup/system_XMC4500.o
 .data          0x00000000        0x0 ./Startup/system_XMC4500.o
 .bss           0x00000000        0x0 ./Startup/system_XMC4500.o
 .text.delay    0x00000000       0x28 ./Startup/system_XMC4500.o
 .text.SystemCoreSetup
                0x00000000       0x70 ./Startup/system_XMC4500.o
 .text.SystemCoreClockSetup
                0x00000000      0x208 ./Startup/system_XMC4500.o
 .text.OSCHP_GetFrequency
                0x00000000       0x14 ./Startup/system_XMC4500.o
 .comment       0x00000000       0x71 ./Startup/system_XMC4500.o
 .text          0x00000000        0x0 ./Libraries/XMCLib/src/xmc4_eru.o
 .data          0x00000000        0x0 ./Libraries/XMCLib/src/xmc4_eru.o
 .bss           0x00000000        0x0 ./Libraries/XMCLib/src/xmc4_eru.o
 .text.XMC_ERU_Enable
                0x00000000       0x24 ./Libraries/XMCLib/src/xmc4_eru.o
 .text.XMC_ERU_Disable
                0x00000000       0x24 ./Libraries/XMCLib/src/xmc4_eru.o
 .debug_info    0x00000000      0x567 ./Libraries/XMCLib/src/xmc4_eru.o
 .debug_abbrev  0x00000000      0x171 ./Libraries/XMCLib/src/xmc4_eru.o
 .debug_loc     0x00000000       0xa0 ./Libraries/XMCLib/src/xmc4_eru.o
 .debug_aranges
                0x00000000       0x28 ./Libraries/XMCLib/src/xmc4_eru.o
 .debug_ranges  0x00000000       0x18 ./Libraries/XMCLib/src/xmc4_eru.o
 .debug_line    0x00000000      0x26f ./Libraries/XMCLib/src/xmc4_eru.o
 .debug_str     0x00000000      0x669 ./Libraries/XMCLib/src/xmc4_eru.o
 .comment       0x00000000       0x71 ./Libraries/XMCLib/src/xmc4_eru.o
 .debug_frame   0x00000000       0x60 ./Libraries/XMCLib/src/xmc4_eru.o
 .ARM.attributes
                0x00000000       0x37 ./Libraries/XMCLib/src/xmc4_eru.o
 .text          0x00000000        0x0 ./Libraries/XMCLib/src/xmc4_flash.o
 .data          0x00000000        0x0 ./Libraries/XMCLib/src/xmc4_flash.o
 .bss           0x00000000        0x0 ./Libraries/XMCLib/src/xmc4_flash.o
 .text.XMC_FLASH_lEnterPageModeCommand
                0x00000000       0x20 ./Libraries/XMCLib/src/xmc4_flash.o
 .text.XMC_FLASH_lLoadPageCommand
                0x00000000       0x30 ./Libraries/XMCLib/src/xmc4_flash.o
 .text.XMC_FLASH_lWritePageCommand
                0x00000000       0x44 ./Libraries/XMCLib/src/xmc4_flash.o
 .text.XMC_FLASH_lWriteUCBPageCommand
                0x00000000       0x44 ./Libraries/XMCLib/src/xmc4_flash.o
 .text.XMC_FLASH_lEraseSectorCommand
                0x00000000       0x58 ./Libraries/XMCLib/src/xmc4_flash.o
 .text.XMC_FLASH_lDisableSectorWriteProtectionCommand
                0x00000000       0x64 ./Libraries/XMCLib/src/xmc4_flash.o
[...]
Memory Configuration

Name             Origin             Length             Attributes
FLASH_1_cached   0x08000000         0x00100000         xr
FLASH_1_uncached 0x0c000000         0x00100000         xr
PSRAM_1          0x10000000         0x00010000         !xr
DSRAM_1_system   0x20000000         0x00010000         !xr
DSRAM_2_comm     0x30000000         0x00008000         !xr
*default*        0x00000000         0xffffffff

Linker script and memory map

LOAD ./Startup/startup_XMC4500.o
LOAD ./Startup/system_XMC4500.o
LOAD ./Libraries/XMCLib/src/xmc4_eru.o
LOAD ./Libraries/XMCLib/src/xmc4_flash.o
LOAD ./Libraries/XMCLib/src/xmc4_gpio.o
LOAD ./Libraries/XMCLib/src/xmc4_rtc.o
LOAD ./Libraries/XMCLib/src/xmc4_scu.o
LOAD ./Libraries/XMCLib/src/xmc_can.o
LOAD ./Libraries/XMCLib/src/xmc_ccu4.o
LOAD ./Libraries/XMCLib/src/xmc_ccu8.o
LOAD ./Libraries/XMCLib/src/xmc_common.o
LOAD ./Libraries/XMCLib/src/xmc_dac.o
LOAD ./Libraries/XMCLib/src/xmc_dma.o
LOAD ./Libraries/XMCLib/src/xmc_dsd.o
LOAD ./Libraries/XMCLib/src/xmc_ebu.o
LOAD ./Libraries/XMCLib/src/xmc_ecat.o
LOAD ./Libraries/XMCLib/src/xmc_eru.o
LOAD ./Libraries/XMCLib/src/xmc_eth_mac.o
LOAD ./Libraries/XMCLib/src/xmc_eth_phy_dp83848.o
LOAD ./Libraries/XMCLib/src/xmc_eth_phy_ksz8031rnl.o
LOAD ./Libraries/XMCLib/src/xmc_eth_phy_ksz8081rnb.o
LOAD ./Libraries/XMCLib/src/xmc_fce.o
LOAD ./Libraries/XMCLib/src/xmc_gpio.o
LOAD ./Libraries/XMCLib/src/xmc_hrpwm.o
LOAD ./Libraries/XMCLib/src/xmc_i2c.o
LOAD ./Libraries/XMCLib/src/xmc_i2s.o
LOAD ./Libraries/XMCLib/src/xmc_ledts.o
LOAD ./Libraries/XMCLib/src/xmc_posif.o
LOAD ./Libraries/XMCLib/src/xmc_rtc.o
LOAD ./Libraries/XMCLib/src/xmc_sdmmc.o
LOAD ./Libraries/XMCLib/src/xmc_spi.o
LOAD ./Libraries/XMCLib/src/xmc_uart.o
LOAD ./Libraries/XMCLib/src/xmc_usbd.o
LOAD ./Libraries/XMCLib/src/xmc_usbh.o
LOAD ./Libraries/XMCLib/src/xmc_usic.o
LOAD ./Libraries/XMCLib/src/xmc_vadc.o
LOAD ./Libraries/XMCLib/src/xmc_wdt.o
LOAD ./Libraries/Newlib/syscalls.o
LOAD ./Dave/Generated/PWM/pwm.o
LOAD ./Dave/Generated/PWM/pwm_conf.o
LOAD ./Dave/Generated/INTERRUPT/interrupt.o
LOAD ./Dave/Generated/INTERRUPT/interrupt_conf.o
LOAD ./Dave/Generated/GLOBAL_CCU4/global_ccu4.o
LOAD ./Dave/Generated/GLOBAL_CCU4/global_ccu4_conf.o
LOAD ./Dave/Generated/DIGITAL_IO/digital_io.o
LOAD ./Dave/Generated/DIGITAL_IO/digital_io_conf.o
LOAD ./Dave/Generated/CPU_CTRL_XMC4/cpu_ctrl_xmc4.o
LOAD ./Dave/Generated/CPU_CTRL_XMC4/cpu_ctrl_xmc4_conf.o
LOAD ./Dave/Generated/CLOCK_XMC4/clock_xmc4.o
LOAD ./Dave/Generated/CLOCK_XMC4/clock_xmc4_conf.o
LOAD ./Dave/Generated/DAVE.o
LOAD ./main.o
LOAD c:/program files/dave_4/dave-ide-4.4.2-64bit/eclipse/arm-gcc-49/bin/../lib/gcc/arm-none-eabi/4.9.3/../../../../arm-none-eabi/lib/armv7e-m/softfp\libm.a
START GROUP
LOAD c:/program files/dave_4/dave-ide-4.4.2-64bit/eclipse/arm-gcc-49/bin/../lib/gcc/arm-none-eabi/4.9.3/armv7e-m/softfp\libgcc.a
LOAD c:/program files/dave_4/dave-ide-4.4.2-64bit/eclipse/arm-gcc-49/bin/../lib/gcc/arm-none-eabi/4.9.3/../../../../arm-none-eabi/lib/armv7e-m/softfp\libg_nano.a
LOAD c:/program files/dave_4/dave-ide-4.4.2-64bit/eclipse/arm-gcc-49/bin/../lib/gcc/arm-none-eabi/4.9.3/../../../../arm-none-eabi/lib/armv7e-m/softfp\libc_nano.a
END GROUP
START GROUP
LOAD c:/program files/dave_4/dave-ide-4.4.2-64bit/eclipse/arm-gcc-49/bin/../lib/gcc/arm-none-eabi/4.9.3/armv7e-m/softfp\libgcc.a
LOAD c:/program files/dave_4/dave-ide-4.4.2-64bit/eclipse/arm-gcc-49/bin/../lib/gcc/arm-none-eabi/4.9.3/../../../../arm-none-eabi/lib/armv7e-m/softfp\libc_nano.a
LOAD c:/program files/dave_4/dave-ide-4.4.2-64bit/eclipse/arm-gcc-49/bin/../lib/gcc/arm-none-eabi/4.9.3/../../../../arm-none-eabi/lib/armv7e-m/softfp\libnosys.a
END GROUP
START GROUP
LOAD c:/program files/dave_4/dave-ide-4.4.2-64bit/eclipse/arm-gcc-49/bin/../lib/gcc/arm-none-eabi/4.9.3/armv7e-m/softfp\libgcc.a
LOAD c:/program files/dave_4/dave-ide-4.4.2-64bit/eclipse/arm-gcc-49/bin/../lib/gcc/arm-none-eabi/4.9.3/../../../../arm-none-eabi/lib/armv7e-m/softfp\libc_nano.a
LOAD c:/program files/dave_4/dave-ide-4.4.2-64bit/eclipse/arm-gcc-49/bin/../lib/gcc/arm-none-eabi/4.9.3/../../../../arm-none-eabi/lib/armv7e-m/softfp\libnosys.a
END GROUP
                0x00000800                stack_size = DEFINED (stack_size)?stack_size:0x800
                0x00000040                no_init_size = 0x40

.text           0x08000000     0x17b0 load address 0x0c000000
                0x08000000                sText = .
 *(.reset)
 .reset         0x08000000      0x2b4 ./Startup/startup_XMC4500.o
                0x08000000                __Vectors
                0x08000200                Reset_Handler
                0x080002b0                DSD0_7_IRQHandler
                0x080002b0                DebugMon_Handler
                0x080002b0                VADC0_C0_0_IRQHandler
                0x080002b0                CAN0_4_IRQHandler
                0x080002b0                VADC0_G2_0_IRQHandler
                0x080002b0                USIC0_5_IRQHandler
                0x080002b0                POSIF0_0_IRQHandler
                0x080002b0                POSIF1_0_IRQHandler
                0x080002b0                HardFault_Handler
                0x080002b0                VADC0_G1_1_IRQHandler
                0x080002b0                SysTick_Handler
                0x080002b0                PendSV_Handler
                0x080002b0                NMI_Handler
                0x080002b0                USIC1_3_IRQHandler
                0x080002b0                CCU40_2_IRQHandler
                0x080002b0                SCU_0_IRQHandler
                0x080002b0                ERU0_0_IRQHandler
                0x080002b0                CCU41_0_IRQHandler
                0x080002b0                USIC1_5_IRQHandler
                0x080002b0                DSD0_4_IRQHandler
                0x080002b0                CCU80_1_IRQHandler
                0x080002b0                CCU81_0_IRQHandler
                0x080002b0                UsageFault_Handler
                0x080002b0                USIC0_0_IRQHandler
                0x080002b0                POSIF1_1_IRQHandler
                0x080002b0                ERU0_2_IRQHandler
                0x080002b0                CCU81_1_IRQHandler
                0x080002b0                ERU1_1_IRQHandler
                0x080002b0                VADC0_G2_3_IRQHandler
                0x080002b0                VADC0_G2_2_IRQHandler
                0x080002b0                CCU42_3_IRQHandler
                0x080002b0                ERU0_3_IRQHandler
                0x080002b0                DSD0_5_IRQHandler
                0x080002b0                VADC0_C0_3_IRQHandler
                0x080002b0                CAN0_6_IRQHandler
                0x080002b0                CCU43_0_IRQHandler
                0x080002b0                VADC0_G0_1_IRQHandler
                0x080002b0                CCU81_2_IRQHandler
                0x080002b0                USIC2_4_IRQHandler
                0x080002b0                CCU81_3_IRQHandler
                0x080002b0                CCU42_1_IRQHandler
                0x080002b0                USIC1_1_IRQHandler
                0x080002b0                USIC2_5_IRQHandler
                0x080002b0                CCU40_0_IRQHandler
                0x080002b0                CAN0_0_IRQHandler
                0x080002b0                ERU1_0_IRQHandler
                0x080002b0                CCU42_2_IRQHandler
                0x080002b0                Default_Handler
                0x080002b0                USIC1_4_IRQHandler
                0x080002b0                ERU1_3_IRQHandler
                0x080002b0                USIC1_0_IRQHandler
                0x080002b0                POSIF0_1_IRQHandler
                0x080002b0                VADC0_G0_0_IRQHandler
                0x080002b0                DSD0_2_IRQHandler
                0x080002b0                CCU80_3_IRQHandler
                0x080002b0                CCU41_3_IRQHandler
                0x080002b0                CCU80_2_IRQHandler
                0x080002b0                VADC0_G1_3_IRQHandler
                0x080002b0                VADC0_G0_3_IRQHandler
                0x080002b0                GPDMA0_0_IRQHandler
                0x080002b0                PMU0_0_IRQHandler
                0x080002b0                CAN0_7_IRQHandler
                0x080002b0                DSD0_1_IRQHandler
                0x080002b0                CCU41_2_IRQHandler
                0x080002b0                VADC0_C0_1_IRQHandler
                0x080002b0                CCU43_2_IRQHandler
                0x080002b0                USIC2_2_IRQHandler
                0x080002b0                MemManage_Handler
                0x080002b0                VADC0_G3_1_IRQHandler
                0x080002b0                DAC0_0_IRQHandler
                0x080002b0                SVC_Handler
                0x080002b0                VADC0_G3_3_IRQHandler
                0x080002b0                ERU1_2_IRQHandler
                0x080002b0                CCU41_1_IRQHandler
                0x080002b0                DSD0_6_IRQHandler
                0x080002b0                CCU43_1_IRQHandler
                0x080002b0                VADC0_G1_2_IRQHandler
                0x080002b0                USIC2_3_IRQHandler
                0x080002b0                CAN0_2_IRQHandler
                0x080002b0                USIC2_0_IRQHandler
                0x080002b0                VADC0_G0_2_IRQHandler
                0x080002b0                VADC0_G2_1_IRQHandler
                0x080002b0                CAN0_3_IRQHandler
                0x080002b0                ETH0_0_IRQHandler
                0x080002b0                USIC0_3_IRQHandler
                0x080002b0                DSD0_0_IRQHandler
                0x080002b0                VADC0_C0_2_IRQHandler
                0x080002b0                CCU42_0_IRQHandler
                0x080002b0                FCE0_0_IRQHandler
                0x080002b0                VADC0_G1_0_IRQHandler
                0x080002b0                USB0_0_IRQHandler
                0x080002b0                CAN0_5_IRQHandler
                0x080002b0                CCU80_0_IRQHandler
                0x080002b0                CCU40_1_IRQHandler
                0x080002b0                USIC2_1_IRQHandler
                0x080002b0                USIC0_1_IRQHandler
                0x080002b0                VADC0_G3_2_IRQHandler
                0x080002b0                CCU40_3_IRQHandler
                0x080002b0                BusFault_Handler
                0x080002b0                LEDTS0_0_IRQHandler
                0x080002b0                USIC0_4_IRQHandler
                0x080002b0                CCU43_3_IRQHandler
                0x080002b0                ERU0_1_IRQHandler
                0x080002b0                VADC0_G3_0_IRQHandler
                0x080002b0                USIC1_2_IRQHandler
                0x080002b0                DSD0_3_IRQHandler
                0x080002b0                SDMMC0_0_IRQHandler
                0x080002b0                CAN0_1_IRQHandler
                0x080002b0                USIC0_2_IRQHandler
                0x080002b0                DAC0_1_IRQHandler
                0x080002b0                GPDMA1_0_IRQHandler
 *(.text .text.* .gnu.linkonce.t.*)
 .text.SystemInit
                0x080002b4       0x20 ./Startup/system_XMC4500.o
                0x080002b4                SystemInit
 .text.SystemCoreClockUpdate
                0x080002d4       0xd4 ./Startup/system_XMC4500.o
                0x080002d4                SystemCoreClockUpdate
 .text.XMC_GPIO_Init
                0x080003a8      0x14c ./Libraries/XMCLib/src/xmc4_gpio.o
                0x080003a8                XMC_GPIO_Init
 .text.XMC_SCU_GetMirrorStatus
                0x080004f4       0x18 ./Libraries/XMCLib/src/xmc4_scu.o
 .text.XMC_SCU_lDelay
                0x0800050c       0x44 ./Libraries/XMCLib/src/xmc4_scu.o
 .text.XMC_SCU_INTERUPT_GetEventStatus
                0x08000550       0x18 ./Libraries/XMCLib/src/xmc4_scu.o
                0x08000550                XMC_SCU_INTERUPT_GetEventStatus
 .text.XMC_SCU_INTERRUPT_ClearEventStatus
                0x08000568       0x1c ./Libraries/XMCLib/src/xmc4_scu.o
                0x08000568                XMC_SCU_INTERRUPT_ClearEventStatus
 .text.XMC_SCU_CLOCK_Init
                0x08000584       0xec ./Libraries/XMCLib/src/xmc4_scu.o
                0x08000584                XMC_SCU_CLOCK_Init
 .text.XMC_SCU_RESET_DeassertPeripheralReset
                0x08000670       0x38 ./Libraries/XMCLib/src/xmc4_scu.o
                0x08000670                XMC_SCU_RESET_DeassertPeripheralReset
 .text.XMC_SCU_CLOCK_SetSystemClockSource
                0x080006a8       0x28 ./Libraries/XMCLib/src/xmc4_scu.o
                0x080006a8                XMC_SCU_CLOCK_SetSystemClockSource
 .text.XMC_SCU_CLOCK_SetUsbClockSource
                0x080006d0       0x28 ./Libraries/XMCLib/src/xmc4_scu.o
                0x080006d0                XMC_SCU_CLOCK_SetUsbClockSource
 .text.XMC_SCU_CLOCK_SetWdtClockSource
                0x080006f8       0x28 ./Libraries/XMCLib/src/xmc4_scu.o
                0x080006f8                XMC_SCU_CLOCK_SetWdtClockSource
 .text.XMC_SCU_CLOCK_SetSystemPllClockSource
                0x08000720       0x40 ./Libraries/XMCLib/src/xmc4_scu.o
                0x08000720                XMC_SCU_CLOCK_SetSystemPllClockSource
 .text.XMC_SCU_HIB_SetRtcClockSource
                0x08000760       0x3c ./Libraries/XMCLib/src/xmc4_scu.o
                0x08000760                XMC_SCU_HIB_SetRtcClockSource
 .text.XMC_SCU_HIB_SetStandbyClockSource
                0x0800079c       0x3c ./Libraries/XMCLib/src/xmc4_scu.o
                0x0800079c                XMC_SCU_HIB_SetStandbyClockSource
 .text.XMC_SCU_CLOCK_SetSystemClockDivider
                0x080007d8       0x28 ./Libraries/XMCLib/src/xmc4_scu.o
                0x080007d8                XMC_SCU_CLOCK_SetSystemClockDivider
 .text.XMC_SCU_CLOCK_SetCcuClockDivider
                0x08000800       0x28 ./Libraries/XMCLib/src/xmc4_scu.o
                0x08000800                XMC_SCU_CLOCK_SetCcuClockDivider
 .text.XMC_SCU_CLOCK_SetCpuClockDivider
                0x08000828       0x28 ./Libraries/XMCLib/src/xmc4_scu.o
                0x08000828                XMC_SCU_CLOCK_SetCpuClockDivider
 .text.XMC_SCU_CLOCK_SetPeripheralClockDivider
                0x08000850       0x28 ./Libraries/XMCLib/src/xmc4_scu.o
                0x08000850                XMC_SCU_CLOCK_SetPeripheralClockDivider
 .text.XMC_SCU_CLOCK_SetUsbClockDivider
                0x08000878       0x28 ./Libraries/XMCLib/src/xmc4_scu.o
                0x08000878                XMC_SCU_CLOCK_SetUsbClockDivider
 .text.XMC_SCU_CLOCK_SetEbuClockDivider
                0x080008a0       0x28 ./Libraries/XMCLib/src/xmc4_scu.o
                0x080008a0                XMC_SCU_CLOCK_SetEbuClockDivider
 .text.XMC_SCU_CLOCK_SetWdtClockDivider
                0x080008c8       0x28 ./Libraries/XMCLib/src/xmc4_scu.o
                0x080008c8                XMC_SCU_CLOCK_SetWdtClockDivider
 .text.XMC_SCU_CLOCK_EnableClock
                0x080008f0       0x20 ./Libraries/XMCLib/src/xmc4_scu.o
                0x080008f0                XMC_SCU_CLOCK_EnableClock
 .text.XMC_SCU_CLOCK_StartUsbPll
                0x08000910       0x74 ./Libraries/XMCLib/src/xmc4_scu.o
                0x08000910                XMC_SCU_CLOCK_StartUsbPll
 .text.XMC_SCU_CLOCK_SetBackupClockCalibrationMode
                0x08000984       0x4c ./Libraries/XMCLib/src/xmc4_scu.o
                0x08000984                XMC_SCU_CLOCK_SetBackupClockCalibrationMode
 .text.XMC_SCU_HIB_EnableHibernateDomain
                0x080009d0       0x58 ./Libraries/XMCLib/src/xmc4_scu.o
                0x080009d0                XMC_SCU_HIB_EnableHibernateDomain
 .text.XMC_SCU_CLOCK_IsLowPowerOscillatorStable
                0x08000a28       0x24 ./Libraries/XMCLib/src/xmc4_scu.o
                0x08000a28                XMC_SCU_CLOCK_IsLowPowerOscillatorStable
 .text.XMC_SCU_CLOCK_EnableLowPowerOscillator
                0x08000a4c       0x70 ./Libraries/XMCLib/src/xmc4_scu.o
                0x08000a4c                XMC_SCU_CLOCK_EnableLowPowerOscillator
 .text.XMC_SCU_CLOCK_EnableHighPerformanceOscillator
                0x08000abc       0x50 ./Libraries/XMCLib/src/xmc4_scu.o
                0x08000abc                XMC_SCU_CLOCK_EnableHighPerformanceOscillator
 .text.XMC_SCU_CLOCK_IsHighPerformanceOscillatorStable
                0x08000b0c       0x28 ./Libraries/XMCLib/src/xmc4_scu.o
                0x08000b0c                XMC_SCU_CLOCK_IsHighPerformanceOscillatorStable
 .text.XMC_SCU_CLOCK_EnableSystemPll
                0x08000b34       0x20 ./Libraries/XMCLib/src/xmc4_scu.o
                0x08000b34                XMC_SCU_CLOCK_EnableSystemPll
 .text.XMC_SCU_CLOCK_DisableSystemPll
                0x08000b54       0x20 ./Libraries/XMCLib/src/xmc4_scu.o
                0x08000b54                XMC_SCU_CLOCK_DisableSystemPll
 .text.XMC_SCU_CLOCK_StartSystemPll
                0x08000b74      0x174 ./Libraries/XMCLib/src/xmc4_scu.o
                0x08000b74                XMC_SCU_CLOCK_StartSystemPll
 .text.XMC_SCU_CLOCK_StepSystemPllFrequency
                0x08000ce8       0x2c ./Libraries/XMCLib/src/xmc4_scu.o
                0x08000ce8                XMC_SCU_CLOCK_StepSystemPllFrequency
 .text.XMC_CCU4_StartPrescaler
                0x08000d14       0x1c ./Libraries/XMCLib/src/xmc_ccu4.o
 .text.XMC_CCU4_lDeassertReset
                0x08000d30       0x60 ./Libraries/XMCLib/src/xmc_ccu4.o
 .text.XMC_CCU4_EnableModule
                0x08000d90       0x1c ./Libraries/XMCLib/src/xmc_ccu4.o
                0x08000d90                XMC_CCU4_EnableModule
 .text.XMC_CCU4_Init
                0x08000dac       0x3c ./Libraries/XMCLib/src/xmc_ccu4.o
                0x08000dac                XMC_CCU4_Init
 .text.XMC_CCU4_SLICE_CompareInit
                0x08000de8       0x6c ./Libraries/XMCLib/src/xmc_ccu4.o
                0x08000de8                XMC_CCU4_SLICE_CompareInit
 .text.XMC_CCU4_SLICE_SetInterruptNode
                0x08000e54       0xb0 ./Libraries/XMCLib/src/xmc_ccu4.o
                0x08000e54                XMC_CCU4_SLICE_SetInterruptNode
 .text.XMC_GPIO_SetHardwareControl
                0x08000f04       0x44 ./Libraries/XMCLib/src/xmc_gpio.o
                0x08000f04                XMC_GPIO_SetHardwareControl
 .text._init    0x08000f48        0xc ./Libraries/Newlib/syscalls.o
                0x08000f48                _init
 .text.XMC_CCU4_EnableClock
                0x08000f54       0x20 ./Dave/Generated/PWM/pwm.o
 .text.XMC_CCU4_SLICE_StartTimer
                0x08000f74       0x18 ./Dave/Generated/PWM/pwm.o
 .text.XMC_CCU4_SLICE_SetTimerPeriodMatch
                0x08000f8c       0x1c ./Dave/Generated/PWM/pwm.o
 .text.XMC_CCU4_SLICE_SetTimerCompareMatch
                0x08000fa8       0x1c ./Dave/Generated/PWM/pwm.o
 .text.XMC_CCU4_EnableShadowTransfer
                0x08000fc4       0x1c ./Dave/Generated/PWM/pwm.o
 .text.XMC_CCU4_SLICE_EnableEvent
                0x08000fe0       0x2c ./Dave/Generated/PWM/pwm.o
 .text.PWM_lCCU4_Init
                0x0800100c       0xbc ./Dave/Generated/PWM/pwm.o
                0x0800100c                PWM_lCCU4_Init
 .text.PWM_lCCU4_ConfigInterrupts
                0x080010c8       0x64 ./Dave/Generated/PWM/pwm.o
                0x080010c8                PWM_lCCU4_ConfigInterrupts
 .text.PWM_lCCU4_Start
                0x0800112c       0x48 ./Dave/Generated/PWM/pwm.o
                0x0800112c                PWM_lCCU4_Start
 .text.PWM_Init
                0x08001174       0x2c ./Dave/Generated/PWM/pwm.o
                0x08001174                PWM_Init
 .text.PWM_Start
                0x080011a0       0x20 ./Dave/Generated/PWM/pwm.o
                0x080011a0                PWM_Start
 .text.__NVIC_GetPriorityGrouping
                0x080011c0       0x1c ./Dave/Generated/INTERRUPT/interrupt.o
 .text.__NVIC_EnableIRQ
                0x080011dc       0x38 ./Dave/Generated/INTERRUPT/interrupt.o
 .text.__NVIC_SetPriority
                0x08001214       0x54 ./Dave/Generated/INTERRUPT/interrupt.o
 .text.NVIC_EncodePriority
                0x08001268       0x64 ./Dave/Generated/INTERRUPT/interrupt.o
 .text.INTERRUPT_Enable
                0x080012cc       0x1c ./Dave/Generated/INTERRUPT/interrupt.o
 .text.INTERRUPT_Init
                0x080012e8       0x4c ./Dave/Generated/INTERRUPT/interrupt.o
                0x080012e8                INTERRUPT_Init
 .text.XMC_CCU4_StartPrescaler
                0x08001334       0x1c ./Dave/Generated/GLOBAL_CCU4/global_ccu4.o
 .text.GLOBAL_CCU4_Init
                0x08001350       0x40 ./Dave/Generated/GLOBAL_CCU4/global_ccu4.o
                0x08001350                GLOBAL_CCU4_Init
 .text.DIGITAL_IO_Init
                0x08001390       0x40 ./Dave/Generated/DIGITAL_IO/digital_io.o
                0x08001390                DIGITAL_IO_Init
 .text.__NVIC_SetPriorityGrouping
                0x080013d0       0x48 ./Dave/Generated/CPU_CTRL_XMC4/cpu_ctrl_xmc4_conf.o
 .text.SystemCoreSetup
                0x08001418       0xa0 ./Dave/Generated/CPU_CTRL_XMC4/cpu_ctrl_xmc4_conf.o
                0x08001418                SystemCoreSetup
 .text.CLOCK_XMC4_Init
                0x080014b8       0x20 ./Dave/Generated/CLOCK_XMC4/clock_xmc4.o
                0x080014b8                CLOCK_XMC4_Init
 .text.OSCHP_GetFrequency
                0x080014d8       0x14 ./Dave/Generated/CLOCK_XMC4/clock_xmc4.o
                0x080014d8                OSCHP_GetFrequency
 .text.SystemCoreClockSetup
                0x080014ec       0x54 ./Dave/Generated/CLOCK_XMC4/clock_xmc4_conf.o
                0x080014ec                SystemCoreClockSetup
 .text.DAVE_Init
                0x08001540       0x9c ./Dave/Generated/DAVE.o
                0x08001540                DAVE_Init
 .text.XMC_GPIO_SetOutputHigh
                0x080015dc       0x20 ./main.o
 .text.XMC_GPIO_SetOutputLow
                0x080015fc       0x24 ./main.o
 .text.XMC_GPIO_GetInput
                0x08001620       0x28 ./main.o
 .text.DIGITAL_IO_SetOutputHigh
                0x08001648       0x20 ./main.o
 .text.DIGITAL_IO_SetOutputLow
                0x08001668       0x20 ./main.o
 .text.DIGITAL_IO_GetInput
                0x08001688       0x24 ./main.o
 .text.main     0x080016ac       0x3c ./main.o
                0x080016ac                main
 .text.__libc_init_array
                0x080016e8       0x4c c:/program files/dave_4/dave-ide-4.4.2-64bit/eclipse/arm-gcc-49/bin/../lib/gcc/arm-none-eabi/4.9.3/../../../../arm-none-eabi/lib/armv7e-m/softfp\libg_nano.a(lib_a-init.o)
                0x080016e8                __libc_init_array
 *(.init)
 *(.fini)
 *crtbegin.o(.ctors)
 *crtbegin?.o(.ctors)
 *(EXCLUDE_FILE(*crtend.o *crtend?.o) .ctors)
 *(SORT(.ctors.*))
 *(.ctors)
 *crtbegin.o(.dtors)
 *crtbegin?.o(.dtors)
 *(EXCLUDE_FILE(*crtend.o *crtend?.o) .dtors)
 *(SORT(.dtors.*))
 *(.dtors)
 *(.rodata .rodata.*)
 .rodata.PWM_0_compare_config
                0x08001734        0x8 ./Dave/Generated/PWM/pwm_conf.o
                0x08001734                PWM_0_compare_config
 .rodata.PWM_0_gpio_out_config
                0x0800173c        0xc ./Dave/Generated/PWM/pwm_conf.o
                0x0800173c                PWM_0_gpio_out_config
 .rodata.LED1_INT
                0x08001748        0x4 ./Dave/Generated/INTERRUPT/interrupt_conf.o
                0x08001748                LED1_INT
 .rodata.BTN1   0x0800174c       0x14 ./Dave/Generated/DIGITAL_IO/digital_io_conf.o
                0x0800174c                BTN1
 .rodata.BTN2   0x08001760       0x14 ./Dave/Generated/DIGITAL_IO/digital_io_conf.o
                0x08001760                BTN2
 .rodata.LED1   0x08001774       0x14 ./Dave/Generated/DIGITAL_IO/digital_io_conf.o
                0x08001774                LED1
 .rodata.LED2   0x08001788       0x14 ./Dave/Generated/DIGITAL_IO/digital_io_conf.o
                0x08001788                LED2
 .rodata        0x0800179c       0x14 ./Dave/Generated/CLOCK_XMC4/clock_xmc4_conf.o
 *(.gnu.linkonce.r*)
 *(vtable)
                0x080017b0                . = ALIGN (0x4)

.glue_7         0x080017b0        0x0 load address 0x0c0017b0
 .glue_7        0x00000000        0x0 linker stubs

.glue_7t        0x080017b0        0x0 load address 0x0c0017b0
 .glue_7t       0x00000000        0x0 linker stubs

.vfp11_veneer   0x080017b0        0x0 load address 0x0c0017b0
 .vfp11_veneer  0x00000000        0x0 linker stubs

.v4_bx          0x080017b0        0x0 load address 0x0c0017b0
 .v4_bx         0x00000000        0x0 linker stubs

.iplt           0x080017b0        0x0 load address 0x0c0017b0
 .iplt          0x00000000        0x0 ./Startup/startup_XMC4500.o

.rel.dyn        0x080017b0        0x0 load address 0x0c0017b0
 .rel.iplt      0x00000000        0x0 ./Startup/startup_XMC4500.o

.eh_frame_hdr
 *(.eh_frame_hdr)

.eh_frame
 *(.eh_frame)

.ARM.extab
 *(.ARM.extab* .gnu.linkonce.armextab.*)
                0x080017b0                . = ALIGN (0x4)
                0x080017b0                __exidx_start = .

.ARM.exidx
 *(.ARM.exidx* .gnu.linkonce.armexidx.*)
                0x080017b0                __exidx_end = .
                0x080017b0                . = ALIGN (0x4)

Stack           0x10000000      0x800
                0x10000000                __stack_start = .
                0x10000800                . = (. + stack_size)
 *fill*         0x10000000      0x800 
                0x10000800                __stack_end = .
                0x10000800                __initial_sp = .

.ram_code       0x10000800        0x0 load address 0x0c0017b0
                0x10000800                . = ALIGN (0x4)
                0x10000800                __ram_code_start = .
 *(.ram_code)
                0x10000800                . = ALIGN (0x4)
                0x10000800                __ram_code_end = .
                0x0c0017b0                __ram_code_load = LOADADDR (.ram_code)
                0x00000000                __ram_code_size = (__ram_code_end - __ram_code_start)

PSRAM_DATA      0x10000800        0x0 load address 0x0c0017b0
                0x10000800                . = ALIGN (0x4)
                0x10000800                __data3_start = .
 *(PSRAM_DATA)
                0x10000800                . = ALIGN (0x4)
                0x10000800                __data3_end = .
                0x0c0017b0                __data3_load = LOADADDR (PSRAM_DATA)
                0x00000000                __data3_size = (__data3_end - __data3_start)

PSRAM_BSS       0x10000800        0x0 load address 0x0c0017b0
                0x10000800                . = ALIGN (0x4)
                0x10000800                __bss3_start = .
 *(PSRAM_BSS)
                0x10000800                . = ALIGN (0x4)
                0x10000800                __bss3_end = .
                0x10000800                . = ALIGN (0x8)
                0x10000800                Heap_Bank3_Start = .
                0x00000000                __bss3_size = (__bss3_end - __bss3_start)

.data           0x20000000       0x44 load address 0x0c0017b0
                0x20000000                . = ALIGN (0x4)
                0x20000000                __data_start = .
 *(.data)
 *(.data*)
 .data.PWM_0    0x20000000       0x34 ./Dave/Generated/PWM/pwm_conf.o
                0x20000000                PWM_0
 .data.GLOBAL_CCU4_0
                0x20000034       0x10 ./Dave/Generated/GLOBAL_CCU4/global_ccu4_conf.o
                0x20000034                GLOBAL_CCU4_0
 *(*.data)
 *(.gnu.linkonce.d*)
                0x20000044                . = ALIGN (0x4)
                0x20000044                PROVIDE (__preinit_array_start, .)
 *(.preinit_array)
                0x20000044                PROVIDE (__preinit_array_end, .)
                0x20000044                . = ALIGN (0x4)
                0x20000044                PROVIDE (__init_array_start, .)
 *(SORT(.init_array.*))
 *(.init_array)
                0x20000044                PROVIDE (__init_array_end, .)
                0x20000044                . = ALIGN (0x4)
                0x20000044                PROVIDE (__fini_array_start, .)
 *(SORT(.fini_array.*))
 *(.fini_array)
                0x20000044                PROVIDE (__fini_array_end, .)
                0x20000044                . = ALIGN (0x4)
                0x20000044                __data_end = .
                0x0c0017b0                __data_load = LOADADDR (.data)
                0x00000044                __data_size = (__data_end - __data_start)

.igot.plt       0x20000044        0x0 load address 0x0c0017f4
 .igot.plt      0x00000000        0x0 ./Startup/startup_XMC4500.o

.bss            0x20000044        0x4 load address 0x0c0017f4
                0x20000044                . = ALIGN (0x4)
                0x20000044                __bss_start = .
 *(.bss)
 *(.bss*)
 .bss.CLOCK_XMC4_0
                0x20000044        0x4 ./Dave/Generated/CLOCK_XMC4/clock_xmc4_conf.o
                0x20000044                CLOCK_XMC4_0
 *(COMMON)
 *(.gnu.linkonce.b*)
                0x20000048                . = ALIGN (0x4)
                0x20000048                __bss_end = .
                0x20000048                . = ALIGN (0x8)
                0x20000048                Heap_Bank1_Start = .
                0x00000004                __bss_size = (__bss_end - __bss_start)

.no_init        0x2000ffc0       0x14
                0x2000ffc0                Heap_Bank1_End = .
 *(.no_init)
 .no_init       0x2000ffc0       0x14 ./Startup/system_XMC4500.o
                0x2000ffc0                SystemCoreClock
                0x2000ffc4                g_chipid

DSRAM2_DATA     0x30000000        0x0 load address 0x0c0017f4
                0x30000000                . = ALIGN (0x4)
                0x30000000                __data2_start = .
 *(DSRAM2_DATA)
                0x30000000                . = ALIGN (0x4)
                0x30000000                __data2_end = .
                0x0c0017f4                __data2_load = LOADADDR (DSRAM2_DATA)
                0x00000000                __data2_size = (__data2_end - __data2_start)
                0x000017f4                __text_size = (((((__exidx_end - sText) + __data_size) + __ram_code_size) + __data2_size) + __data3_size)
                0x080017f4                eText = (sText + __text_size)

DSRAM2_BSS      0x30000000        0x0 load address 0x0c0017f4
                0x30000000                . = ALIGN (0x4)
                0x30000000                __bss2_start = .
 *(ETH_RAM)
 *(USB_RAM)
 *(DSRAM2_BSS)
                0x30000000                . = ALIGN (0x4)
                0x30000000                __bss2_end = .
                0x30000000                . = ALIGN (0x8)
                0x30000000                Heap_Bank2_Start = .
                0x00000000                __bss2_size = (__bss2_end - __bss2_start)
                0x0000ff78                Heap_Bank1_Size = (Heap_Bank1_End - Heap_Bank1_Start)
                0x00008000                Heap_Bank2_Size = (0x8000 - (Heap_Bank2_Start - ORIGIN (DSRAM_2_comm)))
                0x0000f800                Heap_Bank3_Size = (0x10000 - (Heap_Bank3_Start - ORIGIN (PSRAM_1)))
                0x00000001                ASSERT ((Heap_Bank1_Start <= Heap_Bank1_End), region SRAM_combined overflowed no_init section)

/DISCARD/
 *(.comment)

.stab
 *(.stab)

.stabstr
 *(.stabstr)

.debug
 *(.debug)

.line
 *(.line)

.debug_srcinfo
 *(.debug_srcinfo)

.debug_sfnames
 *(.debug_sfnames)

.debug_aranges  0x00000000      0x8d8
 *(.debug_aranges)
 .debug_aranges
                0x00000000       0x20 ./Startup/startup_XMC4500.o
 .debug_aranges
                0x00000020       0x48 ./Startup/system_XMC4500.o
 .debug_aranges
                0x00000068       0x28 ./Libraries/XMCLib/src/xmc4_gpio.o
 .debug_aranges
                0x00000090      0x3c8 ./Libraries/XMCLib/src/xmc4_scu.o
 .debug_aranges
                0x00000458      0x128 ./Libraries/XMCLib/src/xmc_ccu4.o
 .debug_aranges
                0x00000580       0x28 ./Libraries/XMCLib/src/xmc_gpio.o
 .debug_aranges
                0x000005a8       0x28 ./Libraries/Newlib/syscalls.o
 .debug_aranges
                0x000005d0      0x110 ./Dave/Generated/PWM/pwm.o
 .debug_aranges
                0x000006e0       0x18 ./Dave/Generated/PWM/pwm_conf.o
 .debug_aranges
                0x000006f8       0x50 ./Dave/Generated/INTERRUPT/interrupt.o
 .debug_aranges
                0x00000748       0x18 ./Dave/Generated/INTERRUPT/interrupt_conf.o
 .debug_aranges
                0x00000760       0x30 ./Dave/Generated/GLOBAL_CCU4/global_ccu4.o
 .debug_aranges
                0x00000790       0x18 ./Dave/Generated/GLOBAL_CCU4/global_ccu4_conf.o
 .debug_aranges
                0x000007a8       0x28 ./Dave/Generated/DIGITAL_IO/digital_io.o
 .debug_aranges
                0x000007d0       0x18 ./Dave/Generated/DIGITAL_IO/digital_io_conf.o
 .debug_aranges
                0x000007e8       0x28 ./Dave/Generated/CPU_CTRL_XMC4/cpu_ctrl_xmc4_conf.o
 .debug_aranges
                0x00000810       0x38 ./Dave/Generated/CLOCK_XMC4/clock_xmc4.o
 .debug_aranges
                0x00000848       0x20 ./Dave/Generated/CLOCK_XMC4/clock_xmc4_conf.o
 .debug_aranges
                0x00000868       0x20 ./Dave/Generated/DAVE.o
 .debug_aranges
                0x00000888       0x50 ./main.o

.debug_pubnames
 *(.debug_pubnames)

.debug_pubtypes
 *(.debug_pubtypes)

.debug_info     0x00000000     0xb11a
 *(.debug_info .gnu.linkonce.wi.*)
 .debug_info    0x00000000       0x79 ./Startup/startup_XMC4500.o
 .debug_info    0x00000079      0x970 ./Startup/system_XMC4500.o
 .debug_info    0x000009e9      0x4db ./Libraries/XMCLib/src/xmc4_gpio.o
 .debug_info    0x00000ec4     0x2179 ./Libraries/XMCLib/src/xmc4_scu.o
 .debug_info    0x0000303d     0x1670 ./Libraries/XMCLib/src/xmc_ccu4.o
 .debug_info    0x000046ad      0x456 ./Libraries/XMCLib/src/xmc_gpio.o
 .debug_info    0x00004b03      0x11f ./Libraries/Newlib/syscalls.o
 .debug_info    0x00004c22     0x1482 ./Dave/Generated/PWM/pwm.o
 .debug_info    0x000060a4      0xc62 ./Dave/Generated/PWM/pwm_conf.o
 .debug_info    0x00006d06      0x9c9 ./Dave/Generated/INTERRUPT/interrupt.o
 .debug_info    0x000076cf      0x4d4 ./Dave/Generated/INTERRUPT/interrupt_conf.o
 .debug_info    0x00007ba3      0x472 ./Dave/Generated/GLOBAL_CCU4/global_ccu4.o
 .debug_info    0x00008015      0x372 ./Dave/Generated/GLOBAL_CCU4/global_ccu4_conf.o
 .debug_info    0x00008387      0x595 ./Dave/Generated/DIGITAL_IO/digital_io.o
 .debug_info    0x0000891c      0x506 ./Dave/Generated/DIGITAL_IO/digital_io_conf.o
 .debug_info    0x00008e22      0x52e ./Dave/Generated/CPU_CTRL_XMC4/cpu_ctrl_xmc4_conf.o
 .debug_info    0x00009350      0x2dd ./Dave/Generated/CLOCK_XMC4/clock_xmc4.o
 .debug_info    0x0000962d      0x43e ./Dave/Generated/CLOCK_XMC4/clock_xmc4_conf.o
 .debug_info    0x00009a6b     0x1006 ./Dave/Generated/DAVE.o
 .debug_info    0x0000aa71      0x6a9 ./main.o

.debug_abbrev   0x00000000     0x1e6a
 *(.debug_abbrev)
 .debug_abbrev  0x00000000       0x14 ./Startup/startup_XMC4500.o
 .debug_abbrev  0x00000014      0x1f1 ./Startup/system_XMC4500.o
 .debug_abbrev  0x00000205      0x153 ./Libraries/XMCLib/src/xmc4_gpio.o
 .debug_abbrev  0x00000358      0x2bf ./Libraries/XMCLib/src/xmc4_scu.o
 .debug_abbrev  0x00000617      0x232 ./Libraries/XMCLib/src/xmc_ccu4.o
 .debug_abbrev  0x00000849      0x144 ./Libraries/XMCLib/src/xmc_gpio.o
 .debug_abbrev  0x0000098d       0xbd ./Libraries/Newlib/syscalls.o
 .debug_abbrev  0x00000a4a      0x286 ./Dave/Generated/PWM/pwm.o
 .debug_abbrev  0x00000cd0      0x19b ./Dave/Generated/PWM/pwm_conf.o
 .debug_abbrev  0x00000e6b      0x212 ./Dave/Generated/INTERRUPT/interrupt.o
 .debug_abbrev  0x0000107d       0xd8 ./Dave/Generated/INTERRUPT/interrupt_conf.o
 .debug_abbrev  0x00001155      0x196 ./Dave/Generated/GLOBAL_CCU4/global_ccu4.o
 .debug_abbrev  0x000012eb      0x124 ./Dave/Generated/GLOBAL_CCU4/global_ccu4_conf.o
 .debug_abbrev  0x0000140f      0x171 ./Dave/Generated/DIGITAL_IO/digital_io.o
 .debug_abbrev  0x00001580      0x126 ./Dave/Generated/DIGITAL_IO/digital_io_conf.o
 .debug_abbrev  0x000016a6      0x1b4 ./Dave/Generated/CPU_CTRL_XMC4/cpu_ctrl_xmc4_conf.o
 .debug_abbrev  0x0000185a      0x13d ./Dave/Generated/CLOCK_XMC4/clock_xmc4.o
 .debug_abbrev  0x00001997      0x134 ./Dave/Generated/CLOCK_XMC4/clock_xmc4_conf.o
 .debug_abbrev  0x00001acb      0x1c8 ./Dave/Generated/DAVE.o
 .debug_abbrev  0x00001c93      0x1d7 ./main.o

.debug_line     0x00000000     0x42a1
 *(.debug_line)
 .debug_line    0x00000000       0x88 ./Startup/startup_XMC4500.o
 .debug_line    0x00000088      0x2f1 ./Startup/system_XMC4500.o
 .debug_line    0x00000379      0x215 ./Libraries/XMCLib/src/xmc4_gpio.o
 .debug_line    0x0000058e      0xd9a ./Libraries/XMCLib/src/xmc4_scu.o
 .debug_line    0x00001328      0x5da ./Libraries/XMCLib/src/xmc_ccu4.o
 .debug_line    0x00001902      0x202 ./Libraries/XMCLib/src/xmc_gpio.o
 .debug_line    0x00001b04       0xcf ./Libraries/Newlib/syscalls.o
 .debug_line    0x00001bd3      0x64e ./Dave/Generated/PWM/pwm.o
 .debug_line    0x00002221      0x2ee ./Dave/Generated/PWM/pwm_conf.o
 .debug_line    0x0000250f      0x303 ./Dave/Generated/INTERRUPT/interrupt.o
 .debug_line    0x00002812      0x1fe ./Dave/Generated/INTERRUPT/interrupt_conf.o
 .debug_line    0x00002a10      0x302 ./Dave/Generated/GLOBAL_CCU4/global_ccu4.o
 .debug_line    0x00002d12      0x277 ./Dave/Generated/GLOBAL_CCU4/global_ccu4_conf.o
 .debug_line    0x00002f89      0x269 ./Dave/Generated/DIGITAL_IO/digital_io.o
 .debug_line    0x000031f2      0x1f6 ./Dave/Generated/DIGITAL_IO/digital_io_conf.o
 .debug_line    0x000033e8      0x26f ./Dave/Generated/CPU_CTRL_XMC4/cpu_ctrl_xmc4_conf.o
 .debug_line    0x00003657      0x29f ./Dave/Generated/CLOCK_XMC4/clock_xmc4.o
 .debug_line    0x000038f6      0x275 ./Dave/Generated/CLOCK_XMC4/clock_xmc4_conf.o
 .debug_line    0x00003b6b      0x3bc ./Dave/Generated/DAVE.o
 .debug_line    0x00003f27      0x37a ./main.o

.debug_frame    0x00000000     0x22e8
 *(.debug_frame)
 .debug_frame   0x00000000       0xec ./Startup/system_XMC4500.o
 .debug_frame   0x000000ec       0x60 ./Libraries/XMCLib/src/xmc4_gpio.o
 .debug_frame   0x0000014c     0x11c0 ./Libraries/XMCLib/src/xmc4_scu.o
 .debug_frame   0x0000130c      0x560 ./Libraries/XMCLib/src/xmc_ccu4.o
 .debug_frame   0x0000186c       0x60 ./Libraries/XMCLib/src/xmc_gpio.o
 .debug_frame   0x000018cc       0x5c ./Libraries/Newlib/syscalls.o
 .debug_frame   0x00001928      0x4e8 ./Dave/Generated/PWM/pwm.o
 .debug_frame   0x00001e10      0x124 ./Dave/Generated/INTERRUPT/interrupt.o
 .debug_frame   0x00001f34       0x88 ./Dave/Generated/GLOBAL_CCU4/global_ccu4.o
 .debug_frame   0x00001fbc       0x60 ./Dave/Generated/DIGITAL_IO/digital_io.o
 .debug_frame   0x0000201c       0x60 ./Dave/Generated/CPU_CTRL_XMC4/cpu_ctrl_xmc4_conf.o
 .debug_frame   0x0000207c       0xac ./Dave/Generated/CLOCK_XMC4/clock_xmc4.o
 .debug_frame   0x00002128       0x3c ./Dave/Generated/CLOCK_XMC4/clock_xmc4_conf.o
 .debug_frame   0x00002164       0x38 ./Dave/Generated/DAVE.o
 .debug_frame   0x0000219c      0x120 ./main.o
 .debug_frame   0x000022bc       0x2c c:/program files/dave_4/dave-ide-4.4.2-64bit/eclipse/arm-gcc-49/bin/../lib/gcc/arm-none-eabi/4.9.3/../../../../arm-none-eabi/lib/armv7e-m/softfp\libg_nano.a(lib_a-init.o)

.debug_str      0x00000000     0x57a6
 *(.debug_str)
 .debug_str     0x00000000      0x577 ./Startup/system_XMC4500.o
                                0x5e3 (size before relaxing)
 .debug_str     0x00000577      0x544 ./Libraries/XMCLib/src/xmc4_gpio.o
                                0x7d8 (size before relaxing)
 .debug_str     0x00000abb     0x1fab ./Libraries/XMCLib/src/xmc4_scu.o
                               0x249a (size before relaxing)
 .debug_str     0x00002a66     0x14f4 ./Libraries/XMCLib/src/xmc_ccu4.o
                               0x1b6c (size before relaxing)
 .debug_str     0x00003f5a       0xca ./Libraries/XMCLib/src/xmc_gpio.o
                                0x686 (size before relaxing)
 .debug_str     0x00004024       0x6f ./Libraries/Newlib/syscalls.o
                                0x214 (size before relaxing)
 .debug_str     0x00004093      0x7a5 ./Dave/Generated/PWM/pwm.o
                               0x1446 (size before relaxing)
 .debug_str     0x00004838      0x2b0 ./Dave/Generated/PWM/pwm_conf.o
                               0x114e (size before relaxing)
 .debug_str     0x00004ae8      0x7a3 ./Dave/Generated/INTERRUPT/interrupt.o
                                0xb04 (size before relaxing)
 .debug_str     0x0000528b       0x36 ./Dave/Generated/INTERRUPT/interrupt_conf.o
                                0x8cf (size before relaxing)
 .debug_str     0x000052c1       0xb5 ./Dave/Generated/GLOBAL_CCU4/global_ccu4.o
                                0x5e5 (size before relaxing)
 .debug_str     0x00005376       0x31 ./Dave/Generated/GLOBAL_CCU4/global_ccu4_conf.o
                                0x4f9 (size before relaxing)
 .debug_str     0x000053a7       0xdf ./Dave/Generated/DIGITAL_IO/digital_io.o
                                0x915 (size before relaxing)
 .debug_str     0x00005486       0x43 ./Dave/Generated/DIGITAL_IO/digital_io_conf.o
                                0x86a (size before relaxing)
 .debug_str     0x000054c9       0x88 ./Dave/Generated/CPU_CTRL_XMC4/cpu_ctrl_xmc4_conf.o
                                0x418 (size before relaxing)
 .debug_str     0x00005551       0xf3 ./Dave/Generated/CLOCK_XMC4/clock_xmc4.o
                                0x3c9 (size before relaxing)
 .debug_str     0x00005644       0x50 ./Dave/Generated/CLOCK_XMC4/clock_xmc4_conf.o
                                0x7a9 (size before relaxing)
 .debug_str     0x00005694       0x65 ./Dave/Generated/DAVE.o
                               0x1564 (size before relaxing)
 .debug_str     0x000056f9       0xad ./main.o
                                0x954 (size before relaxing)

.debug_loc      0x00000000     0x47c4
 *(.debug_loc)
 .debug_loc     0x00000000      0x1a4 ./Startup/system_XMC4500.o
 .debug_loc     0x000001a4       0xb8 ./Libraries/XMCLib/src/xmc4_gpio.o
 .debug_loc     0x0000025c     0x2504 ./Libraries/XMCLib/src/xmc4_scu.o
 .debug_loc     0x00002760      0xbf0 ./Libraries/XMCLib/src/xmc_ccu4.o
 .debug_loc     0x00003350       0xb8 ./Libraries/XMCLib/src/xmc_gpio.o
 .debug_loc     0x00003408       0x94 ./Libraries/Newlib/syscalls.o
 .debug_loc     0x0000349c      0xa4c ./Dave/Generated/PWM/pwm.o
 .debug_loc     0x00003ee8      0x254 ./Dave/Generated/INTERRUPT/interrupt.o
 .debug_loc     0x0000413c      0x108 ./Dave/Generated/GLOBAL_CCU4/global_ccu4.o
 .debug_loc     0x00004244       0xac ./Dave/Generated/DIGITAL_IO/digital_io.o
 .debug_loc     0x000042f0       0xac ./Dave/Generated/CPU_CTRL_XMC4/cpu_ctrl_xmc4_conf.o
 .debug_loc     0x0000439c      0x14c ./Dave/Generated/CLOCK_XMC4/clock_xmc4.o
 .debug_loc     0x000044e8       0x50 ./Dave/Generated/CLOCK_XMC4/clock_xmc4_conf.o
 .debug_loc     0x00004538       0x50 ./Dave/Generated/DAVE.o
 .debug_loc     0x00004588      0x23c ./main.o

.debug_macinfo
 *(.debug_macinfo)

.debug_ranges   0x00000000      0x768
 *(.debug_ranges)
 .debug_ranges  0x00000000       0x38 ./Startup/system_XMC4500.o
 .debug_ranges  0x00000038       0x18 ./Libraries/XMCLib/src/xmc4_gpio.o
 .debug_ranges  0x00000050      0x3b8 ./Libraries/XMCLib/src/xmc4_scu.o
 .debug_ranges  0x00000408      0x118 ./Libraries/XMCLib/src/xmc_ccu4.o
 .debug_ranges  0x00000520       0x18 ./Libraries/XMCLib/src/xmc_gpio.o
 .debug_ranges  0x00000538       0x18 ./Libraries/Newlib/syscalls.o
 .debug_ranges  0x00000550      0x100 ./Dave/Generated/PWM/pwm.o
 .debug_ranges  0x00000650       0x40 ./Dave/Generated/INTERRUPT/interrupt.o
 .debug_ranges  0x00000690       0x20 ./Dave/Generated/GLOBAL_CCU4/global_ccu4.o
 .debug_ranges  0x000006b0       0x18 ./Dave/Generated/DIGITAL_IO/digital_io.o
 .debug_ranges  0x000006c8       0x18 ./Dave/Generated/CPU_CTRL_XMC4/cpu_ctrl_xmc4_conf.o
 .debug_ranges  0x000006e0       0x28 ./Dave/Generated/CLOCK_XMC4/clock_xmc4.o
 .debug_ranges  0x00000708       0x10 ./Dave/Generated/CLOCK_XMC4/clock_xmc4_conf.o
 .debug_ranges  0x00000718       0x10 ./Dave/Generated/DAVE.o
 .debug_ranges  0x00000728       0x40 ./main.o

.debug_weaknames
 *(.debug_weaknames)

.debug_funcnames
 *(.debug_funcnames)

.debug_typenames
 *(.debug_typenames)

.debug_varnames
 *(.debug_varnames)

.build_attributes
                0x00000000      0x46c
 *(.ARM.attributes)
 .ARM.attributes
                0x00000000       0x25 ./Startup/startup_XMC4500.o
 .ARM.attributes
                0x00000025       0x37 ./Startup/system_XMC4500.o
 .ARM.attributes
                0x0000005c       0x37 ./Libraries/XMCLib/src/xmc4_gpio.o
 .ARM.attributes
                0x00000093       0x37 ./Libraries/XMCLib/src/xmc4_scu.o
 .ARM.attributes
                0x000000ca       0x37 ./Libraries/XMCLib/src/xmc_ccu4.o
 .ARM.attributes
                0x00000101       0x37 ./Libraries/XMCLib/src/xmc_gpio.o
 .ARM.attributes
                0x00000138       0x37 ./Libraries/Newlib/syscalls.o
 .ARM.attributes
                0x0000016f       0x37 ./Dave/Generated/PWM/pwm.o
 .ARM.attributes
                0x000001a6       0x37 ./Dave/Generated/PWM/pwm_conf.o
 .ARM.attributes
                0x000001dd       0x37 ./Dave/Generated/INTERRUPT/interrupt.o
 .ARM.attributes
                0x00000214       0x37 ./Dave/Generated/INTERRUPT/interrupt_conf.o
 .ARM.attributes
                0x0000024b       0x37 ./Dave/Generated/GLOBAL_CCU4/global_ccu4.o
 .ARM.attributes
                0x00000282       0x37 ./Dave/Generated/GLOBAL_CCU4/global_ccu4_conf.o
 .ARM.attributes
                0x000002b9       0x37 ./Dave/Generated/DIGITAL_IO/digital_io.o
 .ARM.attributes
                0x000002f0       0x37 ./Dave/Generated/DIGITAL_IO/digital_io_conf.o
 .ARM.attributes
                0x00000327       0x37 ./Dave/Generated/CPU_CTRL_XMC4/cpu_ctrl_xmc4_conf.o
 .ARM.attributes
                0x0000035e       0x37 ./Dave/Generated/CLOCK_XMC4/clock_xmc4.o
 .ARM.attributes
                0x00000395       0x37 ./Dave/Generated/CLOCK_XMC4/clock_xmc4_conf.o
 .ARM.attributes
                0x000003cc       0x37 ./Dave/Generated/DAVE.o
 .ARM.attributes
                0x00000403       0x37 ./main.o
 .ARM.attributes
                0x0000043a       0x32 c:/program files/dave_4/dave-ide-4.4.2-64bit/eclipse/arm-gcc-49/bin/../lib/gcc/arm-none-eabi/4.9.3/../../../../arm-none-eabi/lib/armv7e-m/softfp\libg_nano.a(lib_a-init.o)
OUTPUT(XMC-LED.elf elf32-littlearm)
