C166 COMPILER V7.57.0, GPT2                                                                11/27/2019 12:44:10 PAGE 1   


C166 COMPILER V7.57.0, COMPILATION OF MODULE GPT2
OBJECT MODULE PLACED IN .\Objects\GPT2.obj
COMPILER INVOKED BY: C:\Keil_v5\C166\BIN\C166.EXE GPT2.c MODV2 BROWSE MODV2 DEBUG PRINT(.\Listings\GPT2.lst) TABS(2) OBJ
                    -ECT(.\Objects\GPT2.obj) 

 stmt lvl     source

    1         //****************************************************************************
    2         // @Module        General Purpose Timer Unit (GPT2)
    3         // @Filename      GPT2.c
    4         // @Project       DAVE-LED.dav
    5         //----------------------------------------------------------------------------
    6         // @Controller    Infineon XE169FH-200F100
    7         //
    8         // @Compiler      Keil
    9         //
   10         // @Codegenerator 2.1
   11         //
   12         // @Description   This file contains functions that use the GPT2 module.
   13         //
   14         //----------------------------------------------------------------------------
   15         // @Date          27.11.2019 12:17:30
   16         //
   17         //****************************************************************************
   18         
   19         // USER CODE BEGIN (GPT2_General,1)
   20         
   21         // USER CODE END
   22         
   23         
   24         
   25         //****************************************************************************
   26         // @Project Includes
   27         //****************************************************************************
   28         
   29         #include "MAIN.h"
   30         
   31         // USER CODE BEGIN (GPT2_General,2)
   32         
   33         // USER CODE END
   34         
   35         
   36         //****************************************************************************
   37         // @Macros
   38         //****************************************************************************
   39         
   40         // USER CODE BEGIN (GPT2_General,3)
   41         
   42         // USER CODE END
   43         
   44         
   45         //****************************************************************************
   46         // @Defines
   47         //****************************************************************************
   48         
   49         // USER CODE BEGIN (GPT2_General,4)
   50         
   51         // USER CODE END
   52         
   53         
   54         //****************************************************************************
C166 COMPILER V7.57.0, GPT2                                                                11/27/2019 12:44:10 PAGE 2   

   55         // @Typedefs
   56         //****************************************************************************
   57         
   58         // USER CODE BEGIN (GPT2_General,5)
   59         
   60         // USER CODE END
   61         
   62         
   63         //****************************************************************************
   64         // @Imported Global Variables
   65         //****************************************************************************
   66         
   67         // USER CODE BEGIN (GPT2_General,6)
   68         
   69         // USER CODE END
   70         
   71         
   72         //****************************************************************************
   73         // @Global Variables
   74         //****************************************************************************
   75         
   76         // USER CODE BEGIN (GPT2_General,7)
   77         
   78         // USER CODE END
   79         
   80         
   81         //****************************************************************************
   82         // @External Prototypes
   83         //****************************************************************************
   84         
   85         // USER CODE BEGIN (GPT2_General,8)
   86         
   87         // USER CODE END
   88         
   89         
   90         
   91         //****************************************************************************
   92         // @Prototypes Of Local Functions
   93         //****************************************************************************
   94         
   95         // USER CODE BEGIN (GPT2_General,9)
   96         
   97         // USER CODE END
   98         
   99         
  100         //****************************************************************************
  101         // @Function      void GPT2_vInit(void) 
  102         //
  103         //----------------------------------------------------------------------------
  104         // @Description   This is the initialization function of the GPT2 function 
  105         //                library. It is assumed that the SFRs used by this library 
  106         //                are in reset state. 
  107         //
  108         //----------------------------------------------------------------------------
  109         // @Returnvalue   None
  110         //
  111         //----------------------------------------------------------------------------
  112         // @Parameters    None
  113         //
  114         //----------------------------------------------------------------------------
  115         // @Date          27.11.2019
  116         //
C166 COMPILER V7.57.0, GPT2                                                                11/27/2019 12:44:10 PAGE 3   

  117         //****************************************************************************
  118         
  119         // USER CODE BEGIN (Init,1)
  120         
  121         // USER CODE END
  122         
  123         void GPT2_vInit(void)
  124         {
  125  1        // USER CODE BEGIN (Init,2)
  126  1      
  127  1        // USER CODE END
  128  1        ///  -----------------------------------------------------------------------
  129  1        ///  Configuration of Timer Block Prescaler 2:
  130  1        ///  -----------------------------------------------------------------------
  131  1        ///  - prescaler for timer block 2 is 4
  132  1      
  133  1      
  134  1        ///  -----------------------------------------------------------------------
  135  1        ///  Configuration of the GPT2 Core Timer 5:
  136  1        ///  -----------------------------------------------------------------------
  137  1        ///  - timer 5 works in counter mode
  138  1        ///  - timer 5 is disabled
  139  1        ///  - up/down control bit is reset
  140  1        ///  - external up/down control is disabled
  141  1        ///  - timer 5 run bit is reset
  142  1        ///  - timer 5 remote control is disabled
  143  1      
  144  1        GPT12E_T5CON   =  0x0008;      // load timer 5 control register
  145  1        GPT12E_T5      =  0x0000;      // load timer 5 register
  146  1      
  147  1        ///  -----------------------------------------------------------------------
  148  1        ///  Configuration of the GPT2 Core Timer 6:
  149  1        ///  -----------------------------------------------------------------------
  150  1        ///  - timer 6 works in timer mode
  151  1        ///  - prescaler factor is 4
  152  1        ///  - up/down control bit is reset
  153  1        ///  - external up/down control is disabled
  154  1        ///  - alternate output function T6OUT (P6.2) is disabled
  155  1        ///  - alternate output function T6OUT (P7.0) is disabled
  156  1        ///  - alternate output function T6OUT (P13.7) is disabled
  157  1        ///  - timer 6 output toggle latch (T6OTL) is set to 0
  158  1        ///  - timer 6 run bit is reset
  159  1        ///  - timer 6 is not cleared on a capture
  160  1      
  161  1        GPT12E_T6CON   =  0x0000;      // load timer 6 control register
  162  1        GPT12E_T6      =  0x0000;      // load timer 6 register
  163  1      
  164  1        ///  -----------------------------------------------------------------------
  165  1        ///  Configuration of the GPT2 CAPREL:
  166  1        ///  -----------------------------------------------------------------------
  167  1        ///  - capture T5 into CAPREL is disabled
  168  1        ///  - capture trigger from pin CAPIN
  169  1        ///  - capure is disabled
  170  1        ///  - timer 5 is not cleared on a capture
  171  1      
  172  1        GPT12E_T5CON  |=  0x0000;      // load timer 5 control register
  173  1        GPT12E_CAPREL  =  0x0000;      // load CAPREL register
  174  1      
  175  1        ///  -----------------------------------------------------------------------
  176  1        ///  Configuration of the used GPT2 Port Pins:
  177  1        ///  -----------------------------------------------------------------------
  178  1      
C166 COMPILER V7.57.0, GPT2                                                                11/27/2019 12:44:10 PAGE 4   

  179  1      
  180  1      
  181  1        ///  -----------------------------------------------------------------------
  182  1        ///  Configuration of the used GPT2 Interrupts:
  183  1        ///  -----------------------------------------------------------------------
  184  1      
  185  1      
  186  1        // USER CODE BEGIN (GPT2_Function,3)
  187  1      
  188  1        // USER CODE END
  189  1      
  190  1      } //  End of function GPT2_viCAPREL
  191         
  192         
  193         
  194         // USER CODE BEGIN (GPT2_General,10)
  195         
  196         // USER CODE END
  197         
*** WARNING C174 IN LINE 381 OF GPT2.c: 'Scs_EnableHighPrecOsc': unreferenced 'static' function


MODULE INFORMATION:   INITIALIZED  UNINITIALIZED
  CODE SIZE        =          26     --------
  NEAR-CONST SIZE  =    --------     --------
  FAR-CONST SIZE   =    --------     --------
  HUGE-CONST SIZE  =    --------     --------
  XHUGE-CONST SIZE =    --------     --------
  NEAR-DATA SIZE   =    --------     --------
  FAR-DATA SIZE    =    --------     --------
  XHUGE-DATA SIZE  =    --------     --------
  IDATA-DATA SIZE  =    --------     --------
  SDATA-DATA SIZE  =    --------     --------
  BDATA-DATA SIZE  =    --------     --------
  HUGE-DATA SIZE   =    --------     --------
  BIT SIZE         =    --------     --------
  INIT'L SIZE      =    --------     --------
END OF MODULE INFORMATION.


C166 COMPILATION COMPLETE.  1 WARNING(S),  0 ERROR(S)
