C166 COMPILER V7.57.0, TIMER                                                               10/23/2019 13:06:30 PAGE 1   


C166 COMPILER V7.57.0, COMPILATION OF MODULE TIMER
OBJECT MODULE PLACED IN .\Objects\Timer.obj
COMPILER INVOKED BY: C:\Keil_v5\C166\BIN\C166.EXE Timer.c MODV2 BROWSE MODV2 DEBUG PRINT(.\Listings\Timer.lst) TABS(2) O
                    -BJECT(.\Objects\Timer.obj) 

 stmt lvl     source

    1         // File: Blinken.c - Blinken einer DIODE
    2         //
    3         // XE167.h muss eingebunden werden, weil dann die symbolischen
    4         // Namen wie z.B. P10_OUT_P0 verwendet werden können und nicht
    5         // Adresse von P10_OUT_P0 verwendet werden muss!
    6         //
    7         #include <XE167F.h>
    8         volatile unsigned int counter1,counter2;
    9         // Funktion wait() braucht ~1 sek.
   10         
   11         typedef unsigned int uword;
   12         void MAIN_vUnlockProtecReg(void)
   13         {
   14  1        uword uwPASSWORD;
   15  1        SCU_SLC = 0xAAAA; // command 0
   16  1        SCU_SLC = 0x5554; // command 1
   17  1        uwPASSWORD = SCU_SLS & 0x00FF;
   18  1        uwPASSWORD = (~uwPASSWORD) & 0x00FF;
   19  1        SCU_SLC = 0x9600 | uwPASSWORD; // command 2
   20  1        SCU_SLC = 0x0000; // command 3
   21  1      }
   22         
   23         void MAIN_vLockProtecReg(void)
   24         {
   25  1        uword uwPASSWORD;
   26  1        SCU_SLC = 0xAAAA; // command 0
   27  1        SCU_SLC = 0x5554; // command 1
   28  1        uwPASSWORD = SCU_SLS & 0x00FF;
   29  1        uwPASSWORD = (~uwPASSWORD) & 0x00FF;
   30  1        SCU_SLC = 0x9600 | uwPASSWORD; // command 2
   31  1        SCU_SLC = 0x1800; // command 3; new PASSWOR is 0x00
   32  1        uwPASSWORD = SCU_SLS & 0x00FF;
   33  1        uwPASSWORD = (~uwPASSWORD) & 0x00FF;
   34  1        SCU_SLC = 0x8E00 | uwPASSWORD; // command 4
   35  1      }
   36         
   37         void led0 () {P10_OUT_P0 = ~P10_OUT_P0;}
   38         
   39         void GPT2_viT6(void) interrupt 0x24 // Interrupt von Timer6
   40         {
   41  1        led0();
   42  1      }
   43         
   44         void ledaus () {
   45  1        P10_OUT = 0xFFFF;
   46  1      }
   47         
   48         void main(void)
   49         {
   50  1      
   51  1      // Initialize IO
   52  1      // Pin 0 von Port 10 auf "OUT"
   53  1      P10_IOCR00 = 0x0080;
   54  1      
C166 COMPILER V7.57.0, TIMER                                                               10/23/2019 13:06:30 PAGE 2   

   55  1      
   56  1      MAIN_vUnlockProtecReg();
   57  1        GPT12E_KSCCFG = 3;
   58  1        CC2_KSCCFG = 3;
   59  1      MAIN_vLockProtecReg();
   60  1        
   61  1      
   62  1      //1001 0000 1100 0111
   63  1      GPT12E_T6CON  = 0x90C7;
   64  1      GPT12E_CAPREL = 0x2000;
   65  1      GPT12E_T6IC   = 0x0050;
   66  1      PSW_IEN = 1;
   67  1      
   68  1      ledaus();
   69  1      
   70  1      // Wichtig: einfügen einer „Endlosschleife“
   71  1      while (1) {
   72  2      
   73  2      
   74  2      }
   75  1      }


MODULE INFORMATION:   INITIALIZED  UNINITIALIZED
  CODE SIZE        =         176     --------
  NEAR-CONST SIZE  =    --------     --------
  FAR-CONST SIZE   =    --------     --------
  HUGE-CONST SIZE  =    --------     --------
  XHUGE-CONST SIZE =    --------     --------
  NEAR-DATA SIZE   =           4     --------
  FAR-DATA SIZE    =    --------     --------
  XHUGE-DATA SIZE  =    --------     --------
  IDATA-DATA SIZE  =    --------     --------
  SDATA-DATA SIZE  =    --------     --------
  BDATA-DATA SIZE  =    --------     --------
  HUGE-DATA SIZE   =    --------     --------
  BIT SIZE         =    --------     --------
  INIT'L SIZE      =    --------     --------
END OF MODULE INFORMATION.


C166 COMPILATION COMPLETE.  0 WARNING(S),  0 ERROR(S)
