C166 COMPILER V7.57.0, IO                                                                  10/30/2019 13:14:42 PAGE 1   


C166 COMPILER V7.57.0, COMPILATION OF MODULE IO
OBJECT MODULE PLACED IN IO.OBJ
COMPILER INVOKED BY: C:\Keil_v5\C166\BIN\C166.EXE IO.c MODV2 BROWSE MODV2 DEBUG TABS(2) 

 stmt lvl     source

    1         //****************************************************************************
    2         // @Module        Parallel Ports
    3         // @Filename      IO.c
    4         // @Project       cc2.dav
    5         //----------------------------------------------------------------------------
    6         // @Controller    Infineon XE169FH-200F100
    7         //
    8         // @Compiler      Keil
    9         //
   10         // @Codegenerator 2.1
   11         //
   12         // @Description   This file contains functions that use the IO module.
   13         //
   14         //----------------------------------------------------------------------------
   15         // @Date          30.10.2019 13:10:36
   16         //
   17         //****************************************************************************
   18         
   19         // USER CODE BEGIN (IO_General,1)
   20         
   21         // USER CODE END
   22         
   23         
   24         
   25         //****************************************************************************
   26         // @Project Includes
   27         //****************************************************************************
   28         
   29         #include "MAIN.h"
   30         
   31         // USER CODE BEGIN (IO_General,2)
   32         
   33         // USER CODE END
   34         
   35         
   36         //****************************************************************************
   37         // @Macros
   38         //****************************************************************************
   39         
   40         // USER CODE BEGIN (IO_General,3)
   41         
   42         // USER CODE END
   43         
   44         
   45         //****************************************************************************
   46         // @Defines
   47         //****************************************************************************
   48         
   49         // USER CODE BEGIN (IO_General,4)
   50         
   51         // USER CODE END
   52         
   53         
   54         //****************************************************************************
   55         // @Typedefs
C166 COMPILER V7.57.0, IO                                                                  10/30/2019 13:14:42 PAGE 2   

   56         //****************************************************************************
   57         
   58         // USER CODE BEGIN (IO_General,5)
   59         
   60         // USER CODE END
   61         
   62         
   63         //****************************************************************************
   64         // @Imported Global Variables
   65         //****************************************************************************
   66         
   67         // USER CODE BEGIN (IO_General,6)
   68         
   69         // USER CODE END
   70         
   71         
   72         //****************************************************************************
   73         // @Global Variables
   74         //****************************************************************************
   75         
   76         // USER CODE BEGIN (IO_General,7)
   77         
   78         // USER CODE END
   79         
   80         
   81         //****************************************************************************
   82         // @External Prototypes
   83         //****************************************************************************
   84         
   85         // USER CODE BEGIN (IO_General,8)
   86         
   87         // USER CODE END
   88         
   89         
   90         //****************************************************************************
   91         // @Prototypes Of Local Functions
   92         //****************************************************************************
   93         
   94         // USER CODE BEGIN (IO_General,9)
   95         
   96         // USER CODE END
   97         
   98         
   99         //****************************************************************************
  100         // @Function      void IO_vInit(void) 
  101         //
  102         //----------------------------------------------------------------------------
  103         // @Description   This is the initialization function of the IO function 
  104         //                library. It is assumed that the SFRs used by this library 
  105         //                are in reset state. 
  106         //
  107         //----------------------------------------------------------------------------
  108         // @Returnvalue   None
  109         //
  110         //----------------------------------------------------------------------------
  111         // @Parameters    None
  112         //
  113         //----------------------------------------------------------------------------
  114         // @Date          30.10.2019
  115         //
  116         //****************************************************************************
  117         
C166 COMPILER V7.57.0, IO                                                                  10/30/2019 13:14:42 PAGE 3   

  118         // USER CODE BEGIN (IO_Function,1)
  119         
  120         // USER CODE END
  121         
  122         void IO_vInit(void)
  123         {
  124  1        // USER CODE BEGIN (IO_Function,2)
  125  1      
  126  1        // USER CODE END
  127  1      
  128  1      
  129  1        ///  -----------------------------------------------------------------------
  130  1        ///  Configuration of Port P0:
  131  1        ///  -----------------------------------------------------------------------
  132  1        ///  - no pin of port P0 is used
  133  1      
  134  1      
  135  1        ///  -----------------------------------------------------------------------
  136  1        ///  Configuration of Port P1:
  137  1        ///  -----------------------------------------------------------------------
  138  1        ///  - no pin of port P1 is used
  139  1      
  140  1      
  141  1        ///  -----------------------------------------------------------------------
  142  1        ///  Configuration of Port P2:
  143  1        ///  -----------------------------------------------------------------------
  144  1        ///  P2.3 is used as alternate input for the CAPCOM2 input(CC2_16)
  145  1        ///  P2.5 is used as alternate input for the CAPCOM2 input(CC2_18)
  146  1      
  147  1        ///  P2.0 - P2.3 output driver characteristic: strong driver
  148  1        ///  P2.4 - P2.7 output driver characteristic: strong driver
  149  1        ///  P2.8 - P2.13 output driver characteristic: strong driver
  150  1      
  151  1        ///  P2.0 - P2.3 output edge characteristic: sharp edge mode
  152  1        ///  P2.4 - P2.7 output edge characteristic: sharp edge mode
  153  1        ///  P2.8 - P2.13 output edge characteristic: sharp edge mode
  154  1      
  155  1      
  156  1        ///  -----------------------------------------------------------------------
  157  1        ///  Configuration of Port P3:
  158  1        ///  -----------------------------------------------------------------------
  159  1        ///  - no pin of port P3 is used
  160  1      
  161  1      
  162  1        ///  -----------------------------------------------------------------------
  163  1        ///  Configuration of Port P4:
  164  1        ///  -----------------------------------------------------------------------
  165  1        ///  - no pin of port P4 is used
  166  1      
  167  1      
  168  1        ///  -----------------------------------------------------------------------
  169  1        ///  Configuration of Port P5:
  170  1        ///  -----------------------------------------------------------------------
  171  1        ///  - no pin of port P5 is used
  172  1        ///  - Port5 Data register P5(Read only)
  173  1      
  174  1      
  175  1        ///  -----------------------------------------------------------------------
  176  1        ///  Configuration of Port P6:
  177  1        ///  -----------------------------------------------------------------------
  178  1        ///  - no pin of port P6 is used
  179  1      
C166 COMPILER V7.57.0, IO                                                                  10/30/2019 13:14:42 PAGE 4   

  180  1      
  181  1        ///  -----------------------------------------------------------------------
  182  1        ///  Configuration of Port P7:
  183  1        ///  -----------------------------------------------------------------------
  184  1        ///  - no pin of port P7 is used
  185  1      
  186  1      
  187  1        ///  -----------------------------------------------------------------------
  188  1        ///  Configuration of Port P8:
  189  1        ///  -----------------------------------------------------------------------
  190  1        ///  - no pin of port P8 is used
  191  1      
  192  1      
  193  1        ///  -----------------------------------------------------------------------
  194  1        ///  Configuration of Port P9:
  195  1        ///  -----------------------------------------------------------------------
  196  1        ///  - no pin of port P9 is used
  197  1      
  198  1      
  199  1        ///  -----------------------------------------------------------------------
  200  1        ///  Configuration of Port P10:
  201  1        ///  -----------------------------------------------------------------------
  202  1        ///  P10.0 is used as general purpose output
  203  1        ///  - push/pull output is selected
  204  1        ///  - the pin status is low level
  205  1        ///  P10.1 is used as general purpose output
  206  1        ///  - push/pull output is selected
  207  1        ///  - the pin status is low level
  208  1        ///  P10.2 is used as general purpose output
  209  1        ///  - push/pull output is selected
  210  1        ///  - the pin status is low level
  211  1        ///  P10.3 is used as general purpose output
  212  1        ///  - push/pull output is selected
  213  1        ///  - the pin status is low level
  214  1        ///  P10.4 is used as general purpose output
  215  1        ///  - push/pull output is selected
  216  1        ///  - the pin status is low level
  217  1        ///  P10.5 is used as general purpose output
  218  1        ///  - push/pull output is selected
  219  1        ///  - the pin status is low level
  220  1        ///  P10.6 is used as general purpose output
  221  1        ///  - push/pull output is selected
  222  1        ///  - the pin status is low level
  223  1        ///  P10.7 is used as general purpose output
  224  1        ///  - push/pull output is selected
  225  1        ///  - the pin status is low level
  226  1      
  227  1        ///  P10.0 - P10.3 output driver characteristic: strong driver
  228  1        ///  P10.4 - P10.7 output driver characteristic: strong driver
  229  1        ///  P10.8 - P10.11 output driver characteristic: strong driver
  230  1        ///  P10.12 - P10.15 output driver characteristic: strong driver
  231  1      
  232  1        ///  P10.0 - P10.3 output edge characteristic: sharp edge mode
  233  1        ///  P10.4 - P10.7 output edge characteristic: sharp edge mode
  234  1        ///  P10.8 - P10.11 output edge characteristic: sharp edge mode
  235  1        ///  P10.12 - P10.15 output edge characteristic: sharp edge mode
  236  1      
  237  1        P10_IOCR00     =  0x0080;      // load port control register 0
  238  1        P10_IOCR01     =  0x0080;      // load port control register 1
  239  1        P10_IOCR02     =  0x0080;      // load port control register 2
  240  1        P10_IOCR03     =  0x0080;      // load port control register 3
  241  1        P10_IOCR04     =  0x0080;      // load port control register 4
C166 COMPILER V7.57.0, IO                                                                  10/30/2019 13:14:42 PAGE 5   

  242  1        P10_IOCR05     =  0x0080;      // load port control register 5
  243  1        P10_IOCR06     =  0x0080;      // load port control register 6
  244  1        P10_IOCR07     =  0x0080;      // load port control register 7
  245  1      
  246  1        ///  -----------------------------------------------------------------------
  247  1        ///  Configuration of Port P11:
  248  1        ///  -----------------------------------------------------------------------
  249  1        ///  - no pin of port P11 is used
  250  1      
  251  1      
  252  1        ///  -----------------------------------------------------------------------
  253  1        ///  Configuration of Port P12:
  254  1        ///  -----------------------------------------------------------------------
  255  1        ///  - no pin of port P12 is used
  256  1      
  257  1      
  258  1        ///  -----------------------------------------------------------------------
  259  1        ///  Configuration of Port P13:
  260  1        ///  -----------------------------------------------------------------------
  261  1        ///  - no pin of port P13 is used
  262  1      
  263  1      
  264  1        ///  -----------------------------------------------------------------------
  265  1        ///  Configuration of Port P14:
  266  1        ///  -----------------------------------------------------------------------
  267  1        ///  - no pin of port P14 is used
  268  1        ///  - Port14 Data register P14(Read only)
  269  1      
  270  1      
  271  1        ///  -----------------------------------------------------------------------
  272  1        ///  Configuration of Port P15:
  273  1        ///  -----------------------------------------------------------------------
  274  1        ///  - no pin of port P15 is used
  275  1        ///  - Port15 Data register P15(Read only)
  276  1      
  277  1      
  278  1      
  279  1        // USER CODE BEGIN (IO_Function,3)
  280  1      
  281  1        // USER CODE END
  282  1      
  283  1      } //  End of function IO_vInit
  284         
  285         
  286         
  287         
  288         // USER CODE BEGIN (IO_General,10)
  289         
  290         // USER CODE END
  291         
*** WARNING C174 IN LINE 381 OF IO.c: 'Scs_EnableHighPrecOsc': unreferenced 'static' function


MODULE INFORMATION:   INITIALIZED  UNINITIALIZED
  CODE SIZE        =          38     --------
  NEAR-CONST SIZE  =    --------     --------
  FAR-CONST SIZE   =    --------     --------
  HUGE-CONST SIZE  =    --------     --------
  XHUGE-CONST SIZE =    --------     --------
  NEAR-DATA SIZE   =    --------     --------
  FAR-DATA SIZE    =    --------     --------
  XHUGE-DATA SIZE  =    --------     --------
C166 COMPILER V7.57.0, IO                                                                  10/30/2019 13:14:42 PAGE 6   

  IDATA-DATA SIZE  =    --------     --------
  SDATA-DATA SIZE  =    --------     --------
  BDATA-DATA SIZE  =    --------     --------
  HUGE-DATA SIZE   =    --------     --------
  BIT SIZE         =    --------     --------
  INIT'L SIZE      =    --------     --------
END OF MODULE INFORMATION.


C166 COMPILATION COMPLETE.  1 WARNING(S),  0 ERROR(S)
